<html>
<body>
<pre>
<h1>µVision Build Log</h1>
<h2>Project:</h2>
C:\Users\Aku\Documents\EE Programming Classes\EE 445L\ST7735_4C123\ST7735.uvproj
Project File Date:  09/07/2014

<h2>Output:</h2>
Rebuild target 'ST7735'
assembling startup.s...
compiling PLL.c...
compiling ST7735.c...
compiling ST7735TestMain.c...
compiling fixed.c...
linking...
Program Size: Code=6168 RO-data=2052 RW-data=48 ZI-data=1024  
".\ST7735.axf" - 0 Error(s), 0 Warning(s).
Load "C:\\Users\\Aku\\Documents\\EE Programming Classes\\EE 445L\\ST7735_4C123\\ST7735.axf" 
Connecting: Mode=JTAG, Speed=1000000Hz
Erase Done.
Programming Done.
Verify OK.
</pre>
</body>
</html>
